Archive member included to satisfy reference by file (symbol)

c:/ac6/systemworkbench/plugins/fr.ac6.mcu.externaltools.arm-none.win32_1.17.0.201812190825/tools/compiler/bin/../lib/gcc/arm-none-eabi/7.3.1/../../../../arm-none-eabi/lib/thumb/v7-m\libc_nano.a(lib_a-errno.o)
                              Core/Src/syscalls.o (__errno)
c:/ac6/systemworkbench/plugins/fr.ac6.mcu.externaltools.arm-none.win32_1.17.0.201812190825/tools/compiler/bin/../lib/gcc/arm-none-eabi/7.3.1/../../../../arm-none-eabi/lib/thumb/v7-m\libc_nano.a(lib_a-exit.o)
                              c:/ac6/systemworkbench/plugins/fr.ac6.mcu.externaltools.arm-none.win32_1.17.0.201812190825/tools/compiler/bin/../lib/gcc/arm-none-eabi/7.3.1/../../../../arm-none-eabi/lib/thumb/v7-m/crt0.o (exit)
c:/ac6/systemworkbench/plugins/fr.ac6.mcu.externaltools.arm-none.win32_1.17.0.201812190825/tools/compiler/bin/../lib/gcc/arm-none-eabi/7.3.1/../../../../arm-none-eabi/lib/thumb/v7-m\libc_nano.a(lib_a-impure.o)
                              c:/ac6/systemworkbench/plugins/fr.ac6.mcu.externaltools.arm-none.win32_1.17.0.201812190825/tools/compiler/bin/../lib/gcc/arm-none-eabi/7.3.1/../../../../arm-none-eabi/lib/thumb/v7-m\libc_nano.a(lib_a-exit.o) (_global_impure_ptr)
c:/ac6/systemworkbench/plugins/fr.ac6.mcu.externaltools.arm-none.win32_1.17.0.201812190825/tools/compiler/bin/../lib/gcc/arm-none-eabi/7.3.1/../../../../arm-none-eabi/lib/thumb/v7-m\libc_nano.a(lib_a-init.o)
                              c:/ac6/systemworkbench/plugins/fr.ac6.mcu.externaltools.arm-none.win32_1.17.0.201812190825/tools/compiler/bin/../lib/gcc/arm-none-eabi/7.3.1/../../../../arm-none-eabi/lib/thumb/v7-m/crt0.o (__libc_init_array)
c:/ac6/systemworkbench/plugins/fr.ac6.mcu.externaltools.arm-none.win32_1.17.0.201812190825/tools/compiler/bin/../lib/gcc/arm-none-eabi/7.3.1/../../../../arm-none-eabi/lib/thumb/v7-m\libc_nano.a(lib_a-memset.o)
                              c:/ac6/systemworkbench/plugins/fr.ac6.mcu.externaltools.arm-none.win32_1.17.0.201812190825/tools/compiler/bin/../lib/gcc/arm-none-eabi/7.3.1/../../../../arm-none-eabi/lib/thumb/v7-m/crt0.o (memset)

Allocating common symbols
Common symbol       size              file

hi2c1               0x54              Core/Src/M24C04.o
hi2c2               0x54              Core/Src/MAX6955.o
uwTick              0x4               Drivers/STM32F1xx_HAL_Driver/Src/stm32f1xx_hal.o
pFlash              0x20              Drivers/STM32F1xx_HAL_Driver/Src/stm32f1xx_hal_flash.o
htim3               0x48              Core/Src/main.o
coor                0x2               Core/Src/PISO.o
htim2               0x48              Core/Src/main.o

Discarded input sections

 .text          0x00000000        0x0 c:/ac6/systemworkbench/plugins/fr.ac6.mcu.externaltools.arm-none.win32_1.17.0.201812190825/tools/compiler/bin/../lib/gcc/arm-none-eabi/7.3.1/thumb/v7-m/crti.o
 .data          0x00000000        0x0 c:/ac6/systemworkbench/plugins/fr.ac6.mcu.externaltools.arm-none.win32_1.17.0.201812190825/tools/compiler/bin/../lib/gcc/arm-none-eabi/7.3.1/thumb/v7-m/crti.o
 .bss           0x00000000        0x0 c:/ac6/systemworkbench/plugins/fr.ac6.mcu.externaltools.arm-none.win32_1.17.0.201812190825/tools/compiler/bin/../lib/gcc/arm-none-eabi/7.3.1/thumb/v7-m/crti.o
 .data          0x00000000        0x4 c:/ac6/systemworkbench/plugins/fr.ac6.mcu.externaltools.arm-none.win32_1.17.0.201812190825/tools/compiler/bin/../lib/gcc/arm-none-eabi/7.3.1/thumb/v7-m/crtbegin.o
 .text          0x00000000       0x74 c:/ac6/systemworkbench/plugins/fr.ac6.mcu.externaltools.arm-none.win32_1.17.0.201812190825/tools/compiler/bin/../lib/gcc/arm-none-eabi/7.3.1/../../../../arm-none-eabi/lib/thumb/v7-m/crt0.o
 .data          0x00000000        0x0 c:/ac6/systemworkbench/plugins/fr.ac6.mcu.externaltools.arm-none.win32_1.17.0.201812190825/tools/compiler/bin/../lib/gcc/arm-none-eabi/7.3.1/../../../../arm-none-eabi/lib/thumb/v7-m/crt0.o
 .bss           0x00000000        0x0 c:/ac6/systemworkbench/plugins/fr.ac6.mcu.externaltools.arm-none.win32_1.17.0.201812190825/tools/compiler/bin/../lib/gcc/arm-none-eabi/7.3.1/../../../../arm-none-eabi/lib/thumb/v7-m/crt0.o
 .ARM.extab     0x00000000        0x0 c:/ac6/systemworkbench/plugins/fr.ac6.mcu.externaltools.arm-none.win32_1.17.0.201812190825/tools/compiler/bin/../lib/gcc/arm-none-eabi/7.3.1/../../../../arm-none-eabi/lib/thumb/v7-m/crt0.o
 .ARM.exidx     0x00000000        0x8 c:/ac6/systemworkbench/plugins/fr.ac6.mcu.externaltools.arm-none.win32_1.17.0.201812190825/tools/compiler/bin/../lib/gcc/arm-none-eabi/7.3.1/../../../../arm-none-eabi/lib/thumb/v7-m/crt0.o
 .ARM.attributes
                0x00000000       0x1b c:/ac6/systemworkbench/plugins/fr.ac6.mcu.externaltools.arm-none.win32_1.17.0.201812190825/tools/compiler/bin/../lib/gcc/arm-none-eabi/7.3.1/../../../../arm-none-eabi/lib/thumb/v7-m/crt0.o
 .group         0x00000000        0xc Core/Src/APA102C.o
 .group         0x00000000        0xc Core/Src/APA102C.o
[...]
Memory Configuration

Name             Origin             Length             Attributes
RAM              0x20000000         0x0000c000         xrw
FLASH            0x08000000         0x00060000         xr
*default*        0x00000000         0xffffffff

Linker script and memory map

LOAD c:/ac6/systemworkbench/plugins/fr.ac6.mcu.externaltools.arm-none.win32_1.17.0.201812190825/tools/compiler/bin/../lib/gcc/arm-none-eabi/7.3.1/thumb/v7-m/crti.o
LOAD c:/ac6/systemworkbench/plugins/fr.ac6.mcu.externaltools.arm-none.win32_1.17.0.201812190825/tools/compiler/bin/../lib/gcc/arm-none-eabi/7.3.1/thumb/v7-m/crtbegin.o
LOAD c:/ac6/systemworkbench/plugins/fr.ac6.mcu.externaltools.arm-none.win32_1.17.0.201812190825/tools/compiler/bin/../lib/gcc/arm-none-eabi/7.3.1/../../../../arm-none-eabi/lib/thumb/v7-m/crt0.o
LOAD Core/Src/APA102C.o
LOAD Core/Src/M24C04.o
LOAD Core/Src/MAX6955.o
LOAD Core/Src/PISO.o
LOAD Core/Src/main.o
LOAD Core/Src/stm32f1xx_hal_msp.o
LOAD Core/Src/stm32f1xx_it.o
LOAD Core/Src/syscalls.o
LOAD Core/Src/system_stm32f1xx.o
LOAD Drivers/STM32F1xx_HAL_Driver/Src/stm32f1xx_hal.o
LOAD Drivers/STM32F1xx_HAL_Driver/Src/stm32f1xx_hal_cortex.o
LOAD Drivers/STM32F1xx_HAL_Driver/Src/stm32f1xx_hal_dma.o
LOAD Drivers/STM32F1xx_HAL_Driver/Src/stm32f1xx_hal_exti.o
LOAD Drivers/STM32F1xx_HAL_Driver/Src/stm32f1xx_hal_flash.o
LOAD Drivers/STM32F1xx_HAL_Driver/Src/stm32f1xx_hal_flash_ex.o
LOAD Drivers/STM32F1xx_HAL_Driver/Src/stm32f1xx_hal_gpio.o
LOAD Drivers/STM32F1xx_HAL_Driver/Src/stm32f1xx_hal_gpio_ex.o
LOAD Drivers/STM32F1xx_HAL_Driver/Src/stm32f1xx_hal_i2c.o
LOAD Drivers/STM32F1xx_HAL_Driver/Src/stm32f1xx_hal_pwr.o
LOAD Drivers/STM32F1xx_HAL_Driver/Src/stm32f1xx_hal_rcc.o
LOAD Drivers/STM32F1xx_HAL_Driver/Src/stm32f1xx_hal_rcc_ex.o
LOAD Drivers/STM32F1xx_HAL_Driver/Src/stm32f1xx_hal_tim.o
LOAD Drivers/STM32F1xx_HAL_Driver/Src/stm32f1xx_hal_tim_ex.o
LOAD startup/startup_stm32f101xe.o
LOAD c:/ac6/systemworkbench/plugins/fr.ac6.mcu.externaltools.arm-none.win32_1.17.0.201812190825/tools/compiler/bin/../lib/gcc/arm-none-eabi/7.3.1/../../../../arm-none-eabi/lib/thumb/v7-m\libm.a
START GROUP
LOAD c:/ac6/systemworkbench/plugins/fr.ac6.mcu.externaltools.arm-none.win32_1.17.0.201812190825/tools/compiler/bin/../lib/gcc/arm-none-eabi/7.3.1/thumb/v7-m\libgcc.a
LOAD c:/ac6/systemworkbench/plugins/fr.ac6.mcu.externaltools.arm-none.win32_1.17.0.201812190825/tools/compiler/bin/../lib/gcc/arm-none-eabi/7.3.1/../../../../arm-none-eabi/lib/thumb/v7-m\libc_nano.a
END GROUP
START GROUP
LOAD c:/ac6/systemworkbench/plugins/fr.ac6.mcu.externaltools.arm-none.win32_1.17.0.201812190825/tools/compiler/bin/../lib/gcc/arm-none-eabi/7.3.1/thumb/v7-m\libgcc.a
LOAD c:/ac6/systemworkbench/plugins/fr.ac6.mcu.externaltools.arm-none.win32_1.17.0.201812190825/tools/compiler/bin/../lib/gcc/arm-none-eabi/7.3.1/../../../../arm-none-eabi/lib/thumb/v7-m\libc_nano.a
LOAD c:/ac6/systemworkbench/plugins/fr.ac6.mcu.externaltools.arm-none.win32_1.17.0.201812190825/tools/compiler/bin/../lib/gcc/arm-none-eabi/7.3.1/../../../../arm-none-eabi/lib/thumb/v7-m\libnosys.a
END GROUP
START GROUP
LOAD c:/ac6/systemworkbench/plugins/fr.ac6.mcu.externaltools.arm-none.win32_1.17.0.201812190825/tools/compiler/bin/../lib/gcc/arm-none-eabi/7.3.1/thumb/v7-m\libgcc.a
LOAD c:/ac6/systemworkbench/plugins/fr.ac6.mcu.externaltools.arm-none.win32_1.17.0.201812190825/tools/compiler/bin/../lib/gcc/arm-none-eabi/7.3.1/../../../../arm-none-eabi/lib/thumb/v7-m\libc_nano.a
LOAD c:/ac6/systemworkbench/plugins/fr.ac6.mcu.externaltools.arm-none.win32_1.17.0.201812190825/tools/compiler/bin/../lib/gcc/arm-none-eabi/7.3.1/../../../../arm-none-eabi/lib/thumb/v7-m\libnosys.a
END GROUP
LOAD c:/ac6/systemworkbench/plugins/fr.ac6.mcu.externaltools.arm-none.win32_1.17.0.201812190825/tools/compiler/bin/../lib/gcc/arm-none-eabi/7.3.1/thumb/v7-m/crtend.o
LOAD c:/ac6/systemworkbench/plugins/fr.ac6.mcu.externaltools.arm-none.win32_1.17.0.201812190825/tools/compiler/bin/../lib/gcc/arm-none-eabi/7.3.1/thumb/v7-m/crtn.o
                0x2000c000                _estack = 0x2000c000
                0x00000200                _Min_Heap_Size = 0x200
                0x00000400                _Min_Stack_Size = 0x400

.isr_vector     0x08000000      0x1e4
                0x08000000                . = ALIGN (0x4)
 *(.isr_vector)
 .isr_vector    0x08000000      0x1e4 startup/startup_stm32f101xe.o
                0x08000000                g_pfnVectors
                0x080001e4                . = ALIGN (0x4)

.text           0x080001e4     0x24c8
                0x080001e4                . = ALIGN (0x4)
 *(.text)
 .text          0x080001e4       0x40 c:/ac6/systemworkbench/plugins/fr.ac6.mcu.externaltools.arm-none.win32_1.17.0.201812190825/tools/compiler/bin/../lib/gcc/arm-none-eabi/7.3.1/thumb/v7-m/crtbegin.o
 *(.text*)
 .text.LED_Rood
                0x08000224      0x114 Core/Src/APA102C.o
                0x08000224                LED_Rood
 .text.LED_Groen
                0x08000338      0x164 Core/Src/APA102C.o
                0x08000338                LED_Groen
 .text.LED_RGB  0x0800049c      0x1a8 Core/Src/APA102C.o
                0x0800049c                LED_RGB
 .text.LED_Start
                0x08000644       0x60 Core/Src/APA102C.o
                0x08000644                LED_Start
 .text.SS_Start
                0x080006a4      0x134 Core/Src/MAX6955.o
                0x080006a4                SS_Start
 .text.SS_Schrijf
                0x080007d8       0x48 Core/Src/MAX6955.o
                0x080007d8                SS_Schrijf
 .text.Meten    0x08000820       0xa0 Core/Src/PISO.o
                0x08000820                Meten
 .text.Controle
                0x080008c0       0x6c Core/Src/PISO.o
                0x080008c0                Controle
 .text.MX_GPIO_Init
                0x0800092c       0xec Core/Src/main.o
 .text.SysTickDelayCount2
                0x08000a18       0x3c Core/Src/main.o
                0x08000a18                SysTickDelayCount2
 .text.HAL_TIM_PeriodElapsedCallback
                0x08000a54      0x2cc Core/Src/main.o
                0x08000a54                HAL_TIM_PeriodElapsedCallback
 .text.HAL_GPIO_EXTI_Callback
                0x08000d20       0x34 Core/Src/main.o
                0x08000d20                HAL_GPIO_EXTI_Callback
 .text.Error_Handler
                0x08000d54        0x4 Core/Src/main.o
                0x08000d54                Error_Handler
 .text.MX_I2C2_Init
                0x08000d58       0x38 Core/Src/main.o
 .text.MX_I2C1_Init
                0x08000d90       0x38 Core/Src/main.o
 .text.MX_TIM2_Init
                0x08000dc8       0x6c Core/Src/main.o
 .text.MX_TIM3_Init
                0x08000e34       0x70 Core/Src/main.o
 .text.SystemClock_Config
                0x08000ea4       0x5e Core/Src/main.o
                0x08000ea4                SystemClock_Config
 *fill*         0x08000f02        0x2 
 .text.main     0x08000f04       0xc8 Core/Src/main.o
                0x08000f04                main
 .text.HAL_MspInit
                0x08000fcc       0x44 Core/Src/stm32f1xx_hal_msp.o
                0x08000fcc                HAL_MspInit
 .text.HAL_I2C_MspInit
                0x08001010       0xac Core/Src/stm32f1xx_hal_msp.o
                0x08001010                HAL_I2C_MspInit
 .text.HAL_TIM_Base_MspInit
                0x080010bc       0x70 Core/Src/stm32f1xx_hal_msp.o
                0x080010bc                HAL_TIM_Base_MspInit
 .text.NMI_Handler
                0x0800112c        0x2 Core/Src/stm32f1xx_it.o
                0x0800112c                NMI_Handler
 .text.HardFault_Handler
                0x0800112e        0x2 Core/Src/stm32f1xx_it.o
                0x0800112e                HardFault_Handler
 .text.MemManage_Handler
                0x08001130        0x2 Core/Src/stm32f1xx_it.o
                0x08001130                MemManage_Handler
 .text.BusFault_Handler
                0x08001132        0x2 Core/Src/stm32f1xx_it.o
                0x08001132                BusFault_Handler
 .text.UsageFault_Handler
                0x08001134        0x2 Core/Src/stm32f1xx_it.o
                0x08001134                UsageFault_Handler
 .text.SVC_Handler
                0x08001136        0x2 Core/Src/stm32f1xx_it.o
                0x08001136                SVC_Handler
 .text.DebugMon_Handler
                0x08001138        0x2 Core/Src/stm32f1xx_it.o
                0x08001138                DebugMon_Handler
 .text.PendSV_Handler
                0x0800113a        0x2 Core/Src/stm32f1xx_it.o
                0x0800113a                PendSV_Handler
 .text.SysTick_Handler
                0x0800113c        0x8 Core/Src/stm32f1xx_it.o
                0x0800113c                SysTick_Handler
 .text.EXTI0_IRQHandler
                0x08001144        0xa Core/Src/stm32f1xx_it.o
                0x08001144                EXTI0_IRQHandler
 .text.EXTI1_IRQHandler
                0x0800114e        0xa Core/Src/stm32f1xx_it.o
                0x0800114e                EXTI1_IRQHandler
 .text.TIM2_IRQHandler
                0x08001158       0x10 Core/Src/stm32f1xx_it.o
                0x08001158                TIM2_IRQHandler
 .text.TIM3_IRQHandler
                0x08001168       0x10 Core/Src/stm32f1xx_it.o
                0x08001168                TIM3_IRQHandler
 .text.SystemInit
                0x08001178        0x2 Core/Src/system_stm32f1xx.o
                0x08001178                SystemInit
 *fill*         0x0800117a        0x2 
 .text.HAL_InitTick
                0x0800117c       0x48 Drivers/STM32F1xx_HAL_Driver/Src/stm32f1xx_hal.o
                0x0800117c                HAL_InitTick
 .text.HAL_Init
                0x080011c4       0x24 Drivers/STM32F1xx_HAL_Driver/Src/stm32f1xx_hal.o
                0x080011c4                HAL_Init
 .text.HAL_IncTick
                0x080011e8       0x18 Drivers/STM32F1xx_HAL_Driver/Src/stm32f1xx_hal.o
                0x080011e8                HAL_IncTick
 .text.HAL_GetTick
                0x08001200        0xc Drivers/STM32F1xx_HAL_Driver/Src/stm32f1xx_hal.o
                0x08001200                HAL_GetTick
 .text.HAL_Delay
                0x0800120c       0x28 Drivers/STM32F1xx_HAL_Driver/Src/stm32f1xx_hal.o
                0x0800120c                HAL_Delay
 .text.HAL_NVIC_SetPriorityGrouping
                0x08001234       0x24 Drivers/STM32F1xx_HAL_Driver/Src/stm32f1xx_hal_cortex.o
                0x08001234                HAL_NVIC_SetPriorityGrouping
 .text.HAL_NVIC_SetPriority
                0x08001258       0x68 Drivers/STM32F1xx_HAL_Driver/Src/stm32f1xx_hal_cortex.o
                0x08001258                HAL_NVIC_SetPriority
 .text.HAL_NVIC_EnableIRQ
                0x080012c0       0x1c Drivers/STM32F1xx_HAL_Driver/Src/stm32f1xx_hal_cortex.o
                0x080012c0                HAL_NVIC_EnableIRQ
 .text.HAL_SYSTICK_Config
                0x080012dc       0x2c Drivers/STM32F1xx_HAL_Driver/Src/stm32f1xx_hal_cortex.o
                0x080012dc                HAL_SYSTICK_Config
 .text.HAL_GPIO_Init
                0x08001308      0x1f4 Drivers/STM32F1xx_HAL_Driver/Src/stm32f1xx_hal_gpio.o
                0x08001308                HAL_GPIO_Init
 .text.HAL_GPIO_ReadPin
                0x080014fc        0xe Drivers/STM32F1xx_HAL_Driver/Src/stm32f1xx_hal_gpio.o
                0x080014fc                HAL_GPIO_ReadPin
 .text.HAL_GPIO_WritePin
                0x0800150a        0xc Drivers/STM32F1xx_HAL_Driver/Src/stm32f1xx_hal_gpio.o
                0x0800150a                HAL_GPIO_WritePin
 *fill*         0x08001516        0x2 
 .text.HAL_GPIO_EXTI_IRQHandler
                0x08001518       0x1c Drivers/STM32F1xx_HAL_Driver/Src/stm32f1xx_hal_gpio.o
                0x08001518                HAL_GPIO_EXTI_IRQHandler
 .text.I2C_IsAcknowledgeFailed
                0x08001534       0x32 Drivers/STM32F1xx_HAL_Driver/Src/stm32f1xx_hal_i2c.o
 .text.I2C_WaitOnFlagUntilTimeout
                0x08001566       0x70 Drivers/STM32F1xx_HAL_Driver/Src/stm32f1xx_hal_i2c.o
 .text.I2C_WaitOnMasterAddressFlagUntilTimeout
                0x080015d6       0xa4 Drivers/STM32F1xx_HAL_Driver/Src/stm32f1xx_hal_i2c.o
 .text.I2C_WaitOnTXEFlagUntilTimeout
                0x0800167a       0x54 Drivers/STM32F1xx_HAL_Driver/Src/stm32f1xx_hal_i2c.o
 *fill*         0x080016ce        0x2 
 .text.I2C_RequestMemoryWrite
                0x080016d0       0xdc Drivers/STM32F1xx_HAL_Driver/Src/stm32f1xx_hal_i2c.o
 .text.I2C_WaitOnBTFFlagUntilTimeout
                0x080017ac       0x54 Drivers/STM32F1xx_HAL_Driver/Src/stm32f1xx_hal_i2c.o
 .text.HAL_I2C_Init
                0x08001800      0x1b4 Drivers/STM32F1xx_HAL_Driver/Src/stm32f1xx_hal_i2c.o
                0x08001800                HAL_I2C_Init
 .text.HAL_I2C_Mem_Write
                0x080019b4      0x168 Drivers/STM32F1xx_HAL_Driver/Src/stm32f1xx_hal_i2c.o
                0x080019b4                HAL_I2C_Mem_Write
 .text.RCC_Delay
                0x08001b1c       0x2c Drivers/STM32F1xx_HAL_Driver/Src/stm32f1xx_hal_rcc.o
 .text.HAL_RCC_OscConfig
                0x08001b48      0x410 Drivers/STM32F1xx_HAL_Driver/Src/stm32f1xx_hal_rcc.o
                0x08001b48                HAL_RCC_OscConfig
 .text.HAL_RCC_GetSysClockFreq
                0x08001f58       0x70 Drivers/STM32F1xx_HAL_Driver/Src/stm32f1xx_hal_rcc.o
                0x08001f58                HAL_RCC_GetSysClockFreq
 .text.HAL_RCC_ClockConfig
                0x08001fc8      0x168 Drivers/STM32F1xx_HAL_Driver/Src/stm32f1xx_hal_rcc.o
                0x08001fc8                HAL_RCC_ClockConfig
 .text.HAL_RCC_GetHCLKFreq
                0x08002130        0xc Drivers/STM32F1xx_HAL_Driver/Src/stm32f1xx_hal_rcc.o
                0x08002130                HAL_RCC_GetHCLKFreq
 .text.HAL_RCC_GetPCLK1Freq
                0x0800213c       0x20 Drivers/STM32F1xx_HAL_Driver/Src/stm32f1xx_hal_rcc.o
                0x0800213c                HAL_RCC_GetPCLK1Freq
 .text.TIM_TI1_ConfigInputStage
                0x0800215c       0x24 Drivers/STM32F1xx_HAL_Driver/Src/stm32f1xx_hal_tim.o
 .text.TIM_TI2_ConfigInputStage
                0x08002180       0x26 Drivers/STM32F1xx_HAL_Driver/Src/stm32f1xx_hal_tim.o
 .text.TIM_ITRx_SetConfig
                0x080021a6       0x10 Drivers/STM32F1xx_HAL_Driver/Src/stm32f1xx_hal_tim.o
 *fill*         0x080021b6        0x2 
 .text.HAL_TIM_Base_Start_IT
                0x080021b8       0x68 Drivers/STM32F1xx_HAL_Driver/Src/stm32f1xx_hal_tim.o
                0x080021b8                HAL_TIM_Base_Start_IT
 .text.HAL_TIM_Base_Stop_IT
                0x08002220       0x32 Drivers/STM32F1xx_HAL_Driver/Src/stm32f1xx_hal_tim.o
                0x08002220                HAL_TIM_Base_Stop_IT
 .text.HAL_TIM_OC_DelayElapsedCallback
                0x08002252        0x2 Drivers/STM32F1xx_HAL_Driver/Src/stm32f1xx_hal_tim.o
                0x08002252                HAL_TIM_OC_DelayElapsedCallback
 .text.HAL_TIM_IC_CaptureCallback
                0x08002254        0x2 Drivers/STM32F1xx_HAL_Driver/Src/stm32f1xx_hal_tim.o
                0x08002254                HAL_TIM_IC_CaptureCallback
 .text.HAL_TIM_PWM_PulseFinishedCallback
                0x08002256        0x2 Drivers/STM32F1xx_HAL_Driver/Src/stm32f1xx_hal_tim.o
                0x08002256                HAL_TIM_PWM_PulseFinishedCallback
 .text.HAL_TIM_TriggerCallback
                0x08002258        0x2 Drivers/STM32F1xx_HAL_Driver/Src/stm32f1xx_hal_tim.o
                0x08002258                HAL_TIM_TriggerCallback
 .text.HAL_TIM_IRQHandler
                0x0800225a      0x17a Drivers/STM32F1xx_HAL_Driver/Src/stm32f1xx_hal_tim.o
                0x0800225a                HAL_TIM_IRQHandler
 .text.TIM_Base_SetConfig
                0x080023d4       0x68 Drivers/STM32F1xx_HAL_Driver/Src/stm32f1xx_hal_tim.o
                0x080023d4                TIM_Base_SetConfig
 .text.HAL_TIM_Base_Init
                0x0800243c       0x56 Drivers/STM32F1xx_HAL_Driver/Src/stm32f1xx_hal_tim.o
                0x0800243c                HAL_TIM_Base_Init
 .text.TIM_ETR_SetConfig
                0x08002492       0x16 Drivers/STM32F1xx_HAL_Driver/Src/stm32f1xx_hal_tim.o
                0x08002492                TIM_ETR_SetConfig
 .text.HAL_TIM_ConfigClockSource
                0x080024a8       0xda Drivers/STM32F1xx_HAL_Driver/Src/stm32f1xx_hal_tim.o
                0x080024a8                HAL_TIM_ConfigClockSource
 *fill*         0x08002582        0x2 
 .text.HAL_TIMEx_MasterConfigSynchronization
                0x08002584       0x68 Drivers/STM32F1xx_HAL_Driver/Src/stm32f1xx_hal_tim_ex.o
                0x08002584                HAL_TIMEx_MasterConfigSynchronization
 .text.HAL_TIMEx_CommutCallback
                0x080025ec        0x2 Drivers/STM32F1xx_HAL_Driver/Src/stm32f1xx_hal_tim_ex.o
                0x080025ec                HAL_TIMEx_CommutCallback
 .text.HAL_TIMEx_BreakCallback
                0x080025ee        0x2 Drivers/STM32F1xx_HAL_Driver/Src/stm32f1xx_hal_tim_ex.o
                0x080025ee                HAL_TIMEx_BreakCallback
 .text.Reset_Handler
                0x080025f0       0x48 startup/startup_stm32f101xe.o
                0x080025f0                Reset_Handler
 .text.Default_Handler
                0x08002638        0x2 startup/startup_stm32f101xe.o
                0x08002638                RTC_Alarm_IRQHandler
                0x08002638                EXTI2_IRQHandler
                0x08002638                TIM6_IRQHandler
                0x08002638                PVD_IRQHandler
                0x08002638                EXTI3_IRQHandler
                0x08002638                I2C2_EV_IRQHandler
                0x08002638                SPI1_IRQHandler
                0x08002638                TAMPER_IRQHandler
                0x08002638                DMA2_Channel2_IRQHandler
                0x08002638                DMA1_Channel4_IRQHandler
                0x08002638                ADC1_IRQHandler
                0x08002638                USART3_IRQHandler
                0x08002638                RTC_IRQHandler
                0x08002638                DMA1_Channel7_IRQHandler
                0x08002638                UART5_IRQHandler
                0x08002638                TIM4_IRQHandler
                0x08002638                DMA2_Channel1_IRQHandler
                0x08002638                I2C1_EV_IRQHandler
                0x08002638                DMA1_Channel6_IRQHandler
                0x08002638                UART4_IRQHandler
                0x08002638                RCC_IRQHandler
                0x08002638                DMA1_Channel1_IRQHandler
                0x08002638                Default_Handler
                0x08002638                EXTI15_10_IRQHandler
                0x08002638                TIM7_IRQHandler
                0x08002638                TIM5_IRQHandler
                0x08002638                EXTI9_5_IRQHandler
                0x08002638                SPI2_IRQHandler
                0x08002638                DMA1_Channel5_IRQHandler
                0x08002638                EXTI4_IRQHandler
                0x08002638                DMA1_Channel3_IRQHandler
                0x08002638                FSMC_IRQHandler
                0x08002638                WWDG_IRQHandler
                0x08002638                DMA2_Channel4_5_IRQHandler
                0x08002638                USART2_IRQHandler
                0x08002638                I2C2_ER_IRQHandler
                0x08002638                DMA1_Channel2_IRQHandler
                0x08002638                FLASH_IRQHandler
                0x08002638                USART1_IRQHandler
                0x08002638                SPI3_IRQHandler
                0x08002638                I2C1_ER_IRQHandler
                0x08002638                DMA2_Channel3_IRQHandler
 *fill*         0x0800263a        0x2 
 .text.__libc_init_array
                0x0800263c       0x48 c:/ac6/systemworkbench/plugins/fr.ac6.mcu.externaltools.arm-none.win32_1.17.0.201812190825/tools/compiler/bin/../lib/gcc/arm-none-eabi/7.3.1/../../../../arm-none-eabi/lib/thumb/v7-m\libc_nano.a(lib_a-init.o)
                0x0800263c                __libc_init_array
 .text.memset   0x08002684       0x10 c:/ac6/systemworkbench/plugins/fr.ac6.mcu.externaltools.arm-none.win32_1.17.0.201812190825/tools/compiler/bin/../lib/gcc/arm-none-eabi/7.3.1/../../../../arm-none-eabi/lib/thumb/v7-m\libc_nano.a(lib_a-memset.o)
                0x08002684                memset
 *(.glue_7)
 .glue_7        0x08002694        0x0 linker stubs
 *(.glue_7t)
 .glue_7t       0x08002694        0x0 linker stubs
 *(.eh_frame)
 .eh_frame      0x08002694        0x0 c:/ac6/systemworkbench/plugins/fr.ac6.mcu.externaltools.arm-none.win32_1.17.0.201812190825/tools/compiler/bin/../lib/gcc/arm-none-eabi/7.3.1/thumb/v7-m/crtbegin.o
 *(.init)
 .init          0x08002694        0x4 c:/ac6/systemworkbench/plugins/fr.ac6.mcu.externaltools.arm-none.win32_1.17.0.201812190825/tools/compiler/bin/../lib/gcc/arm-none-eabi/7.3.1/thumb/v7-m/crti.o
                0x08002694                _init
 .init          0x08002698        0x8 c:/ac6/systemworkbench/plugins/fr.ac6.mcu.externaltools.arm-none.win32_1.17.0.201812190825/tools/compiler/bin/../lib/gcc/arm-none-eabi/7.3.1/thumb/v7-m/crtn.o
 *(.fini)
 .fini          0x080026a0        0x4 c:/ac6/systemworkbench/plugins/fr.ac6.mcu.externaltools.arm-none.win32_1.17.0.201812190825/tools/compiler/bin/../lib/gcc/arm-none-eabi/7.3.1/thumb/v7-m/crti.o
                0x080026a0                _fini
 .fini          0x080026a4        0x8 c:/ac6/systemworkbench/plugins/fr.ac6.mcu.externaltools.arm-none.win32_1.17.0.201812190825/tools/compiler/bin/../lib/gcc/arm-none-eabi/7.3.1/thumb/v7-m/crtn.o
                0x080026ac                . = ALIGN (0x4)
                0x080026ac                _etext = .

.vfp11_veneer   0x080026ac        0x0
 .vfp11_veneer  0x080026ac        0x0 linker stubs

.v4_bx          0x080026ac        0x0
 .v4_bx         0x080026ac        0x0 linker stubs

.iplt           0x080026ac        0x0
 .iplt          0x080026ac        0x0 c:/ac6/systemworkbench/plugins/fr.ac6.mcu.externaltools.arm-none.win32_1.17.0.201812190825/tools/compiler/bin/../lib/gcc/arm-none-eabi/7.3.1/thumb/v7-m/crtbegin.o

.rodata         0x080026ac       0x2c
                0x080026ac                . = ALIGN (0x4)
 *(.rodata)
 .rodata        0x080026ac       0x18 Core/Src/system_stm32f1xx.o
                0x080026ac                AHBPrescTable
                0x080026bc                APBPrescTable
 .rodata        0x080026c4       0x12 Drivers/STM32F1xx_HAL_Driver/Src/stm32f1xx_hal_rcc.o
 *(.rodata*)
                0x080026d8                . = ALIGN (0x4)
 *fill*         0x080026d6        0x2 

.rel.dyn        0x080026d8        0x0
 .rel.iplt      0x080026d8        0x0 c:/ac6/systemworkbench/plugins/fr.ac6.mcu.externaltools.arm-none.win32_1.17.0.201812190825/tools/compiler/bin/../lib/gcc/arm-none-eabi/7.3.1/thumb/v7-m/crtbegin.o

.ARM.extab
 *(.ARM.extab* .gnu.linkonce.armextab.*)

.ARM            0x080026d8        0x0
                0x080026d8                __exidx_start = .
 *(.ARM.exidx*)
                0x080026d8                __exidx_end = .

.preinit_array  0x080026d8        0x0
                0x080026d8                PROVIDE (__preinit_array_start = .)
 *(.preinit_array*)
                0x080026d8                PROVIDE (__preinit_array_end = .)

.init_array     0x080026d8        0x4
                0x080026d8                PROVIDE (__init_array_start = .)
 *(SORT_BY_NAME(.init_array.*))
 *(.init_array*)
 .init_array    0x080026d8        0x4 c:/ac6/systemworkbench/plugins/fr.ac6.mcu.externaltools.arm-none.win32_1.17.0.201812190825/tools/compiler/bin/../lib/gcc/arm-none-eabi/7.3.1/thumb/v7-m/crtbegin.o
                0x080026dc                PROVIDE (__init_array_end = .)

.fini_array     0x080026dc        0x4
                [!provide]                PROVIDE (__fini_array_start = .)
 *(SORT_BY_NAME(.fini_array.*))
 *(.fini_array*)
 .fini_array    0x080026dc        0x4 c:/ac6/systemworkbench/plugins/fr.ac6.mcu.externaltools.arm-none.win32_1.17.0.201812190825/tools/compiler/bin/../lib/gcc/arm-none-eabi/7.3.1/thumb/v7-m/crtbegin.o
                [!provide]                PROVIDE (__fini_array_end = .)
                0x080026e0                _sidata = LOADADDR (.data)

.data           0x20000000      0x114 load address 0x080026e0
                0x20000000                . = ALIGN (0x4)
                0x20000000                _sdata = .
 *(.data)
 .data          0x20000000        0x4 Core/Src/APA102C.o
                0x20000000                t
 .data          0x20000004      0x100 Core/Src/PISO.o
                0x20000004                buf
                0x20000044                bufV
                0x20000084                Bstand
                0x200000c4                stand
 .data          0x20000104        0x2 Core/Src/main.o
                0x20000104                secondenR
                0x20000105                secondenL
 *fill*         0x20000106        0x2 
 .data          0x20000108        0x4 Core/Src/system_stm32f1xx.o
                0x20000108                SystemCoreClock
 .data          0x2000010c        0x8 Drivers/STM32F1xx_HAL_Driver/Src/stm32f1xx_hal.o
                0x2000010c                uwTickFreq
                0x20000110                uwTickPrio
 *(.data*)
                0x20000114                . = ALIGN (0x4)
                0x20000114                _edata = .

.igot.plt       0x20000114        0x0 load address 0x080027f4
 .igot.plt      0x20000114        0x0 c:/ac6/systemworkbench/plugins/fr.ac6.mcu.externaltools.arm-none.win32_1.17.0.201812190825/tools/compiler/bin/../lib/gcc/arm-none-eabi/7.3.1/thumb/v7-m/crtbegin.o
                0x20000114                . = ALIGN (0x4)

.bss            0x20000114      0x164 load address 0x080027f4
                0x20000114                _sbss = .
                0x20000114                __bss_start__ = _sbss
 *(.bss)
 .bss           0x20000114       0x1c c:/ac6/systemworkbench/plugins/fr.ac6.mcu.externaltools.arm-none.win32_1.17.0.201812190825/tools/compiler/bin/../lib/gcc/arm-none-eabi/7.3.1/thumb/v7-m/crtbegin.o
 .bss           0x20000130        0x1 Core/Src/APA102C.o
                0x20000130                i
 .bss           0x20000131        0x1 Core/Src/M24C04.o
                0x20000131                REG_CONF
 .bss           0x20000132        0x6 Core/Src/main.o
                0x20000132                TsecondenR
                0x20000133                minutenR
                0x20000134                TminutenR
                0x20000135                TsecondenL
                0x20000136                minutenL
                0x20000137                TminutenL
 *(.bss*)
 *(COMMON)
 COMMON         0x20000138       0x54 Core/Src/M24C04.o
                0x20000138                hi2c1
 COMMON         0x2000018c       0x54 Core/Src/MAX6955.o
                0x2000018c                hi2c2
 COMMON         0x200001e0        0x2 Core/Src/PISO.o
                0x200001e0                coor
 *fill*         0x200001e2        0x2 
 COMMON         0x200001e4       0x90 Core/Src/main.o
                0x200001e4                htim3
                0x2000022c                htim2
 COMMON         0x20000274        0x4 Drivers/STM32F1xx_HAL_Driver/Src/stm32f1xx_hal.o
                0x20000274                uwTick
                0x20000278                . = ALIGN (0x4)
                0x20000278                _ebss = .
                0x20000278                __bss_end__ = _ebss

._user_heap_stack
                0x20000278      0x600 load address 0x080027f4
                0x20000278                . = ALIGN (0x8)
                0x20000278                PROVIDE (end = .)
                [!provide]                PROVIDE (_end = .)
                0x20000478                . = (. + _Min_Heap_Size)
 *fill*         0x20000278      0x200 
                0x20000878                . = (. + _Min_Stack_Size)
 *fill*         0x20000478      0x400 
                0x20000878                . = ALIGN (0x8)

/DISCARD/
 libc.a(*)
 libm.a(*)
 libgcc.a(*)

.ARM.attributes
                0x00000000       0x29
 *(.ARM.attributes)
 .ARM.attributes
                0x00000000       0x1d c:/ac6/systemworkbench/plugins/fr.ac6.mcu.externaltools.arm-none.win32_1.17.0.201812190825/tools/compiler/bin/../lib/gcc/arm-none-eabi/7.3.1/thumb/v7-m/crti.o
 .ARM.attributes
                0x0000001d       0x2d c:/ac6/systemworkbench/plugins/fr.ac6.mcu.externaltools.arm-none.win32_1.17.0.201812190825/tools/compiler/bin/../lib/gcc/arm-none-eabi/7.3.1/thumb/v7-m/crtbegin.o
 .ARM.attributes
                0x0000004a       0x33 Core/Src/APA102C.o
 .ARM.attributes
                0x0000007d       0x33 Core/Src/M24C04.o
 .ARM.attributes
                0x000000b0       0x33 Core/Src/MAX6955.o
 .ARM.attributes
                0x000000e3       0x33 Core/Src/PISO.o
 .ARM.attributes
                0x00000116       0x33 Core/Src/main.o
 .ARM.attributes
                0x00000149       0x33 Core/Src/stm32f1xx_hal_msp.o
 .ARM.attributes
                0x0000017c       0x33 Core/Src/stm32f1xx_it.o
 .ARM.attributes
                0x000001af       0x33 Core/Src/system_stm32f1xx.o
 .ARM.attributes
                0x000001e2       0x33 Drivers/STM32F1xx_HAL_Driver/Src/stm32f1xx_hal.o
 .ARM.attributes
                0x00000215       0x33 Drivers/STM32F1xx_HAL_Driver/Src/stm32f1xx_hal_cortex.o
 .ARM.attributes
                0x00000248       0x33 Drivers/STM32F1xx_HAL_Driver/Src/stm32f1xx_hal_gpio.o
 .ARM.attributes
                0x0000027b       0x33 Drivers/STM32F1xx_HAL_Driver/Src/stm32f1xx_hal_i2c.o
 .ARM.attributes
                0x000002ae       0x33 Drivers/STM32F1xx_HAL_Driver/Src/stm32f1xx_hal_rcc.o
 .ARM.attributes
                0x000002e1       0x33 Drivers/STM32F1xx_HAL_Driver/Src/stm32f1xx_hal_tim.o
 .ARM.attributes
                0x00000314       0x33 Drivers/STM32F1xx_HAL_Driver/Src/stm32f1xx_hal_tim_ex.o
 .ARM.attributes
                0x00000347       0x21 startup/startup_stm32f101xe.o
 .ARM.attributes
                0x00000368       0x2d c:/ac6/systemworkbench/plugins/fr.ac6.mcu.externaltools.arm-none.win32_1.17.0.201812190825/tools/compiler/bin/../lib/gcc/arm-none-eabi/7.3.1/../../../../arm-none-eabi/lib/thumb/v7-m\libc_nano.a(lib_a-init.o)
 .ARM.attributes
                0x00000395       0x2d c:/ac6/systemworkbench/plugins/fr.ac6.mcu.externaltools.arm-none.win32_1.17.0.201812190825/tools/compiler/bin/../lib/gcc/arm-none-eabi/7.3.1/../../../../arm-none-eabi/lib/thumb/v7-m\libc_nano.a(lib_a-memset.o)
 .ARM.attributes
                0x000003c2       0x1d c:/ac6/systemworkbench/plugins/fr.ac6.mcu.externaltools.arm-none.win32_1.17.0.201812190825/tools/compiler/bin/../lib/gcc/arm-none-eabi/7.3.1/thumb/v7-m/crtn.o
OUTPUT(Final_Test.elf elf32-littlearm)

.debug_info     0x00000000     0xfece
 .debug_info    0x00000000      0xc6d Core/Src/APA102C.o
 .debug_info    0x00000c6d      0x73e Core/Src/M24C04.o
 .debug_info    0x000013ab      0x8a2 Core/Src/MAX6955.o
 .debug_info    0x00001c4d      0x4fe Core/Src/PISO.o
 .debug_info    0x0000214b     0x1cf0 Core/Src/main.o
 .debug_info    0x00003e3b      0xf42 Core/Src/stm32f1xx_hal_msp.o
 .debug_info    0x00004d7d      0x80c Core/Src/stm32f1xx_it.o
 .debug_info    0x00005589      0x29d Core/Src/system_stm32f1xx.o
 .debug_info    0x00005826      0x7cc Drivers/STM32F1xx_HAL_Driver/Src/stm32f1xx_hal.o
 .debug_info    0x00005ff2      0xcc1 Drivers/STM32F1xx_HAL_Driver/Src/stm32f1xx_hal_cortex.o
 .debug_info    0x00006cb3      0x6ab Drivers/STM32F1xx_HAL_Driver/Src/stm32f1xx_hal_gpio.o
 .debug_info    0x0000735e     0x3484 Drivers/STM32F1xx_HAL_Driver/Src/stm32f1xx_hal_i2c.o
 .debug_info    0x0000a7e2      0x9ef Drivers/STM32F1xx_HAL_Driver/Src/stm32f1xx_hal_rcc.o
 .debug_info    0x0000b1d1     0x3554 Drivers/STM32F1xx_HAL_Driver/Src/stm32f1xx_hal_tim.o
 .debug_info    0x0000e725     0x1787 Drivers/STM32F1xx_HAL_Driver/Src/stm32f1xx_hal_tim_ex.o
 .debug_info    0x0000feac       0x22 startup/startup_stm32f101xe.o

.debug_abbrev   0x00000000     0x1e85
 .debug_abbrev  0x00000000      0x1ab Core/Src/APA102C.o
 .debug_abbrev  0x000001ab      0x199 Core/Src/M24C04.o
 .debug_abbrev  0x00000344      0x1b7 Core/Src/MAX6955.o
 .debug_abbrev  0x000004fb      0x1b3 Core/Src/PISO.o
 .debug_abbrev  0x000006ae      0x2f9 Core/Src/main.o
 .debug_abbrev  0x000009a7      0x1d4 Core/Src/stm32f1xx_hal_msp.o
 .debug_abbrev  0x00000b7b      0x1a0 Core/Src/stm32f1xx_it.o
 .debug_abbrev  0x00000d1b      0x134 Core/Src/system_stm32f1xx.o
 .debug_abbrev  0x00000e4f      0x1ed Drivers/STM32F1xx_HAL_Driver/Src/stm32f1xx_hal.o
 .debug_abbrev  0x0000103c      0x303 Drivers/STM32F1xx_HAL_Driver/Src/stm32f1xx_hal_cortex.o
 .debug_abbrev  0x0000133f      0x1de Drivers/STM32F1xx_HAL_Driver/Src/stm32f1xx_hal_gpio.o
 .debug_abbrev  0x0000151d      0x282 Drivers/STM32F1xx_HAL_Driver/Src/stm32f1xx_hal_i2c.o
 .debug_abbrev  0x0000179f      0x257 Drivers/STM32F1xx_HAL_Driver/Src/stm32f1xx_hal_rcc.o
 .debug_abbrev  0x000019f6      0x237 Drivers/STM32F1xx_HAL_Driver/Src/stm32f1xx_hal_tim.o
 .debug_abbrev  0x00001c2d      0x246 Drivers/STM32F1xx_HAL_Driver/Src/stm32f1xx_hal_tim_ex.o
 .debug_abbrev  0x00001e73       0x12 startup/startup_stm32f101xe.o

.debug_loc      0x00000000     0xae45
 .debug_loc     0x00000000      0x17a Core/Src/APA102C.o
 .debug_loc     0x0000017a       0xfc Core/Src/M24C04.o
 .debug_loc     0x00000276       0xa8 Core/Src/MAX6955.o
 .debug_loc     0x0000031e       0xc1 Core/Src/PISO.o
 .debug_loc     0x000003df       0x9e Core/Src/main.o
 .debug_loc     0x0000047d      0x14c Core/Src/stm32f1xx_hal_msp.o
 .debug_loc     0x000005c9       0xdf Core/Src/system_stm32f1xx.o
 .debug_loc     0x000006a8      0x11b Drivers/STM32F1xx_HAL_Driver/Src/stm32f1xx_hal.o
 .debug_loc     0x000007c3      0x5ad Drivers/STM32F1xx_HAL_Driver/Src/stm32f1xx_hal_cortex.o
 .debug_loc     0x00000d70      0x3cd Drivers/STM32F1xx_HAL_Driver/Src/stm32f1xx_hal_gpio.o
 .debug_loc     0x0000113d     0x37c1 Drivers/STM32F1xx_HAL_Driver/Src/stm32f1xx_hal_i2c.o
 .debug_loc     0x000048fe      0x4bb Drivers/STM32F1xx_HAL_Driver/Src/stm32f1xx_hal_rcc.o
 .debug_loc     0x00004db9     0x4624 Drivers/STM32F1xx_HAL_Driver/Src/stm32f1xx_hal_tim.o
 .debug_loc     0x000093dd     0x1a68 Drivers/STM32F1xx_HAL_Driver/Src/stm32f1xx_hal_tim_ex.o

.debug_aranges  0x00000000      0xc68
 .debug_aranges
                0x00000000       0x40 Core/Src/APA102C.o
 .debug_aranges
                0x00000040       0x28 Core/Src/M24C04.o
 .debug_aranges
                0x00000068       0x28 Core/Src/MAX6955.o
 .debug_aranges
                0x00000090       0x28 Core/Src/PISO.o
 .debug_aranges
                0x000000b8       0x70 Core/Src/main.o
 .debug_aranges
                0x00000128       0x40 Core/Src/stm32f1xx_hal_msp.o
 .debug_aranges
                0x00000168       0x80 Core/Src/stm32f1xx_it.o
 .debug_aranges
                0x000001e8       0x28 Core/Src/system_stm32f1xx.o
 .debug_aranges
                0x00000210       0xe0 Drivers/STM32F1xx_HAL_Driver/Src/stm32f1xx_hal.o
 .debug_aranges
                0x000002f0       0x90 Drivers/STM32F1xx_HAL_Driver/Src/stm32f1xx_hal_cortex.o
 .debug_aranges
                0x00000380       0x58 Drivers/STM32F1xx_HAL_Driver/Src/stm32f1xx_hal_gpio.o
 .debug_aranges
                0x000003d8      0x2a0 Drivers/STM32F1xx_HAL_Driver/Src/stm32f1xx_hal_i2c.o
 .debug_aranges
                0x00000678       0x90 Drivers/STM32F1xx_HAL_Driver/Src/stm32f1xx_hal_rcc.o
 .debug_aranges
                0x00000708      0x3d0 Drivers/STM32F1xx_HAL_Driver/Src/stm32f1xx_hal_tim.o
 .debug_aranges
                0x00000ad8      0x168 Drivers/STM32F1xx_HAL_Driver/Src/stm32f1xx_hal_tim_ex.o
 .debug_aranges
                0x00000c40       0x28 startup/startup_stm32f101xe.o

.debug_ranges   0x00000000      0xce8
 .debug_ranges  0x00000000       0xc0 Core/Src/APA102C.o
 .debug_ranges  0x000000c0       0x18 Core/Src/M24C04.o
 .debug_ranges  0x000000d8       0x18 Core/Src/MAX6955.o
 .debug_ranges  0x000000f0       0x60 Core/Src/PISO.o
 .debug_ranges  0x00000150       0x60 Core/Src/main.o
 .debug_ranges  0x000001b0       0x30 Core/Src/stm32f1xx_hal_msp.o
 .debug_ranges  0x000001e0       0x70 Core/Src/stm32f1xx_it.o
 .debug_ranges  0x00000250       0x18 Core/Src/system_stm32f1xx.o
 .debug_ranges  0x00000268       0xd0 Drivers/STM32F1xx_HAL_Driver/Src/stm32f1xx_hal.o
 .debug_ranges  0x00000338       0xe0 Drivers/STM32F1xx_HAL_Driver/Src/stm32f1xx_hal_cortex.o
 .debug_ranges  0x00000418       0x48 Drivers/STM32F1xx_HAL_Driver/Src/stm32f1xx_hal_gpio.o
 .debug_ranges  0x00000460      0x2b0 Drivers/STM32F1xx_HAL_Driver/Src/stm32f1xx_hal_i2c.o
 .debug_ranges  0x00000710       0xa0 Drivers/STM32F1xx_HAL_Driver/Src/stm32f1xx_hal_rcc.o
 .debug_ranges  0x000007b0      0x3c0 Drivers/STM32F1xx_HAL_Driver/Src/stm32f1xx_hal_tim.o
 .debug_ranges  0x00000b70      0x158 Drivers/STM32F1xx_HAL_Driver/Src/stm32f1xx_hal_tim_ex.o
 .debug_ranges  0x00000cc8       0x20 startup/startup_stm32f101xe.o

.debug_macro    0x00000000    0x1126b
 .debug_macro   0x00000000      0x1b1 Core/Src/APA102C.o
 .debug_macro   0x000001b1      0xa54 Core/Src/APA102C.o
 .debug_macro   0x00000c05      0x21b Core/Src/APA102C.o
 .debug_macro   0x00000e20       0x2e Core/Src/APA102C.o
 .debug_macro   0x00000e4e       0x22 Core/Src/APA102C.o
 .debug_macro   0x00000e70       0x22 Core/Src/APA102C.o
 .debug_macro   0x00000e92       0x8e Core/Src/APA102C.o
 .debug_macro   0x00000f20       0x51 Core/Src/APA102C.o
 .debug_macro   0x00000f71       0xef Core/Src/APA102C.o
 .debug_macro   0x00001060       0x6a Core/Src/APA102C.o
 .debug_macro   0x000010ca      0x1df Core/Src/APA102C.o
 .debug_macro   0x000012a9       0x1c Core/Src/APA102C.o
 .debug_macro   0x000012c5       0x22 Core/Src/APA102C.o
 .debug_macro   0x000012e7       0xc3 Core/Src/APA102C.o
 .debug_macro   0x000013aa      0xd23 Core/Src/APA102C.o
 .debug_macro   0x000020cd     0x8050 Core/Src/APA102C.o
 .debug_macro   0x0000a11d       0x43 Core/Src/APA102C.o
 .debug_macro   0x0000a160     0x3468 Core/Src/APA102C.o
 .debug_macro   0x0000d5c8      0x174 Core/Src/APA102C.o
 .debug_macro   0x0000d73c       0x5c Core/Src/APA102C.o
 .debug_macro   0x0000d798      0x5be Core/Src/APA102C.o
 .debug_macro   0x0000dd56      0x3a1 Core/Src/APA102C.o
 .debug_macro   0x0000e0f7      0x1cb Core/Src/APA102C.o
 .debug_macro   0x0000e2c2      0x114 Core/Src/APA102C.o
 .debug_macro   0x0000e3d6      0x1b9 Core/Src/APA102C.o
 .debug_macro   0x0000e58f       0x27 Core/Src/APA102C.o
 .debug_macro   0x0000e5b6      0x144 Core/Src/APA102C.o
 .debug_macro   0x0000e6fa      0x1bc Core/Src/APA102C.o
 .debug_macro   0x0000e8b6       0x30 Core/Src/APA102C.o
 .debug_macro   0x0000e8e6       0x3c Core/Src/APA102C.o
 .debug_macro   0x0000e922       0x57 Core/Src/APA102C.o
 .debug_macro   0x0000e979       0x88 Core/Src/APA102C.o
 .debug_macro   0x0000ea01      0x24f Core/Src/APA102C.o
 .debug_macro   0x0000ec50      0x287 Core/Src/APA102C.o
 .debug_macro   0x0000eed7      0x141 Core/Src/APA102C.o
 .debug_macro   0x0000f018      0x8d1 Core/Src/APA102C.o
 .debug_macro   0x0000f8e9       0xc3 Core/Src/APA102C.o
 .debug_macro   0x0000f9ac       0x64 Core/Src/APA102C.o
 .debug_macro   0x0000fa10      0x1b1 Core/Src/M24C04.o
 .debug_macro   0x0000fbc1      0x1b1 Core/Src/MAX6955.o
 .debug_macro   0x0000fd72      0x1bb Core/Src/PISO.o
 .debug_macro   0x0000ff2d      0x1d9 Core/Src/main.o
 .debug_macro   0x00010106      0x1b1 Core/Src/stm32f1xx_hal_msp.o
 .debug_macro   0x000102b7      0x1bb Core/Src/stm32f1xx_it.o
 .debug_macro   0x00010472      0x1a2 Core/Src/system_stm32f1xx.o
 .debug_macro   0x00010614      0x1c6 Drivers/STM32F1xx_HAL_Driver/Src/stm32f1xx_hal.o
 .debug_macro   0x000107da      0x1a2 Drivers/STM32F1xx_HAL_Driver/Src/stm32f1xx_hal_cortex.o
 .debug_macro   0x0001097c      0x20d Drivers/STM32F1xx_HAL_Driver/Src/stm32f1xx_hal_gpio.o
 .debug_macro   0x00010b89      0x1e9 Drivers/STM32F1xx_HAL_Driver/Src/stm32f1xx_hal_i2c.o
 .debug_macro   0x00010d72      0x1b4 Drivers/STM32F1xx_HAL_Driver/Src/stm32f1xx_hal_rcc.o
 .debug_macro   0x00010f26      0x1a3 Drivers/STM32F1xx_HAL_Driver/Src/stm32f1xx_hal_tim.o
 .debug_macro   0x000110c9      0x1a2 Drivers/STM32F1xx_HAL_Driver/Src/stm32f1xx_hal_tim_ex.o

.debug_line     0x00000000     0xb06b
 .debug_line    0x00000000      0x918 Core/Src/APA102C.o
 .debug_line    0x00000918      0x69c Core/Src/M24C04.o
 .debug_line    0x00000fb4      0x6c9 Core/Src/MAX6955.o
 .debug_line    0x0000167d      0x726 Core/Src/PISO.o
 .debug_line    0x00001da3      0x8f8 Core/Src/main.o
 .debug_line    0x0000269b      0x724 Core/Src/stm32f1xx_hal_msp.o
 .debug_line    0x00002dbf      0x76d Core/Src/stm32f1xx_it.o
 .debug_line    0x0000352c      0x6c0 Core/Src/system_stm32f1xx.o
 .debug_line    0x00003bec      0x86a Drivers/STM32F1xx_HAL_Driver/Src/stm32f1xx_hal.o
 .debug_line    0x00004456      0x879 Drivers/STM32F1xx_HAL_Driver/Src/stm32f1xx_hal_cortex.o
 .debug_line    0x00004ccf      0x84f Drivers/STM32F1xx_HAL_Driver/Src/stm32f1xx_hal_gpio.o
 .debug_line    0x0000551e     0x1d6a Drivers/STM32F1xx_HAL_Driver/Src/stm32f1xx_hal_i2c.o
 .debug_line    0x00007288      0x974 Drivers/STM32F1xx_HAL_Driver/Src/stm32f1xx_hal_rcc.o
 .debug_line    0x00007bfc     0x20d7 Drivers/STM32F1xx_HAL_Driver/Src/stm32f1xx_hal_tim.o
 .debug_line    0x00009cd3     0x131b Drivers/STM32F1xx_HAL_Driver/Src/stm32f1xx_hal_tim_ex.o
 .debug_line    0x0000afee       0x7d startup/startup_stm32f101xe.o

.debug_str      0x00000000    0x6a3f6
 .debug_str     0x00000000    0x669db Core/Src/APA102C.o
                              0x66c5b (size before relaxing)
 .debug_str     0x000669db      0x44d Core/Src/M24C04.o
                              0x6703e (size before relaxing)
 .debug_str     0x00066e28       0x4e Core/Src/MAX6955.o
                              0x6703e (size before relaxing)
 .debug_str     0x00066e76       0x5e Core/Src/PISO.o
                              0x66c70 (size before relaxing)
 .debug_str     0x00066ed4      0xabb Core/Src/main.o
                              0x67c47 (size before relaxing)
 .debug_str     0x0006798f       0xd1 Core/Src/stm32f1xx_hal_msp.o
                              0x67727 (size before relaxing)
 .debug_str     0x00067a60      0x137 Core/Src/stm32f1xx_it.o
                              0x67176 (size before relaxing)
 .debug_str     0x00067b97       0x52 Core/Src/system_stm32f1xx.o
                              0x66a7f (size before relaxing)
 .debug_str     0x00067be9      0x310 Drivers/STM32F1xx_HAL_Driver/Src/stm32f1xx_hal.o
                              0x6715b (size before relaxing)
 .debug_str     0x00067ef9      0x26c Drivers/STM32F1xx_HAL_Driver/Src/stm32f1xx_hal_cortex.o
                              0x6711e (size before relaxing)
 .debug_str     0x00068165      0x2a5 Drivers/STM32F1xx_HAL_Driver/Src/stm32f1xx_hal_gpio.o
                              0x66e43 (size before relaxing)
 .debug_str     0x0006840a      0xb65 Drivers/STM32F1xx_HAL_Driver/Src/stm32f1xx_hal_i2c.o
                              0x67b0f (size before relaxing)
 .debug_str     0x00068f6f      0x209 Drivers/STM32F1xx_HAL_Driver/Src/stm32f1xx_hal_rcc.o
                              0x66ea3 (size before relaxing)
 .debug_str     0x00069178      0xd76 Drivers/STM32F1xx_HAL_Driver/Src/stm32f1xx_hal_tim.o
                              0x67ea1 (size before relaxing)
 .debug_str     0x00069eee      0x4d9 Drivers/STM32F1xx_HAL_Driver/Src/stm32f1xx_hal_tim_ex.o
                              0x676cb (size before relaxing)
 .debug_str     0x0006a3c7       0x2f startup/startup_stm32f101xe.o
                                 0x64 (size before relaxing)

.comment        0x00000000       0x7f
 .comment       0x00000000       0x7f Core/Src/APA102C.o
                                 0x80 (size before relaxing)
 .comment       0x0000007f       0x80 Core/Src/M24C04.o
 .comment       0x0000007f       0x80 Core/Src/MAX6955.o
 .comment       0x0000007f       0x80 Core/Src/PISO.o
 .comment       0x0000007f       0x80 Core/Src/main.o
 .comment       0x0000007f       0x80 Core/Src/stm32f1xx_hal_msp.o
 .comment       0x0000007f       0x80 Core/Src/stm32f1xx_it.o
 .comment       0x0000007f       0x80 Core/Src/system_stm32f1xx.o
 .comment       0x0000007f       0x80 Drivers/STM32F1xx_HAL_Driver/Src/stm32f1xx_hal.o
 .comment       0x0000007f       0x80 Drivers/STM32F1xx_HAL_Driver/Src/stm32f1xx_hal_cortex.o
 .comment       0x0000007f       0x80 Drivers/STM32F1xx_HAL_Driver/Src/stm32f1xx_hal_gpio.o
 .comment       0x0000007f       0x80 Drivers/STM32F1xx_HAL_Driver/Src/stm32f1xx_hal_i2c.o
 .comment       0x0000007f       0x80 Drivers/STM32F1xx_HAL_Driver/Src/stm32f1xx_hal_rcc.o
 .comment       0x0000007f       0x80 Drivers/STM32F1xx_HAL_Driver/Src/stm32f1xx_hal_tim.o
 .comment       0x0000007f       0x80 Drivers/STM32F1xx_HAL_Driver/Src/stm32f1xx_hal_tim_ex.o

.debug_frame    0x00000000     0x238c
 .debug_frame   0x00000000       0xa0 Core/Src/APA102C.o
 .debug_frame   0x000000a0       0x48 Core/Src/M24C04.o
 .debug_frame   0x000000e8       0x60 Core/Src/MAX6955.o
 .debug_frame   0x00000148       0x44 Core/Src/PISO.o
 .debug_frame   0x0000018c      0x138 Core/Src/main.o
 .debug_frame   0x000002c4       0x98 Core/Src/stm32f1xx_hal_msp.o
 .debug_frame   0x0000035c      0x108 Core/Src/stm32f1xx_it.o
 .debug_frame   0x00000464       0x30 Core/Src/system_stm32f1xx.o
 .debug_frame   0x00000494      0x1cc Drivers/STM32F1xx_HAL_Driver/Src/stm32f1xx_hal.o
 .debug_frame   0x00000660      0x12c Drivers/STM32F1xx_HAL_Driver/Src/stm32f1xx_hal_cortex.o
 .debug_frame   0x0000078c       0xe8 Drivers/STM32F1xx_HAL_Driver/Src/stm32f1xx_hal_gpio.o
 .debug_frame   0x00000874      0x948 Drivers/STM32F1xx_HAL_Driver/Src/stm32f1xx_hal_i2c.o
 .debug_frame   0x000011bc      0x198 Drivers/STM32F1xx_HAL_Driver/Src/stm32f1xx_hal_rcc.o
 .debug_frame   0x00001354      0xb78 Drivers/STM32F1xx_HAL_Driver/Src/stm32f1xx_hal_tim.o
 .debug_frame   0x00001ecc      0x474 Drivers/STM32F1xx_HAL_Driver/Src/stm32f1xx_hal_tim_ex.o
 .debug_frame   0x00002340       0x2c c:/ac6/systemworkbench/plugins/fr.ac6.mcu.externaltools.arm-none.win32_1.17.0.201812190825/tools/compiler/bin/../lib/gcc/arm-none-eabi/7.3.1/../../../../arm-none-eabi/lib/thumb/v7-m\libc_nano.a(lib_a-init.o)
 .debug_frame   0x0000236c       0x20 c:/ac6/systemworkbench/plugins/fr.ac6.mcu.externaltools.arm-none.win32_1.17.0.201812190825/tools/compiler/bin/../lib/gcc/arm-none-eabi/7.3.1/../../../../arm-none-eabi/lib/thumb/v7-m\libc_nano.a(lib_a-memset.o)
